Warning : only hits between 1h and 2h have been taken into account
No data matches your requirement
Dot-file test.dot generated
