usage: -t <hour> <filename.log>
		you can't use -t twice
use man analog for more informations
