Warning : only hits between 23h and 0h have been taken into account
/page2.html (2 hits)
/page3.html (1 hits)
/image.jpg (1 hits)
