usage: <filename.log> expected
		Verify your file has the right extension
use man analog for more informations
