usage: [options] <filename.log>
 	options:
		-g <filename.dot>
		-e
		-t <hour>
use man analog for more informations
