usage: -e <filename.log>
		you can't use -e twice
use man analog for more informations
