usage: <filename.log>
		Error when opening the log file
use man analog for more informations
