/page2.html (3 hits)
/page3.html (1 hits)
/page1.html (1 hits)
Dot-file test.dot generated
